// Jest Snapshot v1, https://goo.gl/fbAQLP

exports[`Chat render tests should render the Chat component with all its children 1`] = `
<div
  class="MuiBox-root css-1kuqfkb"
  data-testid="chat-container-b7ea1e82-0002-432d-a768-11bdcd186e1d"
  is-initialized="true"
>
  <div
    data-testid="page-header-container-b2e4c1a8-3f5d-4e6a-9c7b-1d2e3f4a5b6c"
  />
  <div
    class="MuiBox-root css-1msgsfq"
  >
    <div
      class="MuiBox-root css-1bbgnb7"
    >
      <button
        class="MuiButtonBase-root MuiButton-root MuiButton-text MuiButton-textPrimary MuiButton-sizeMedium MuiButton-textSizeMedium MuiButton-colorPrimary MuiButton-root MuiButton-text MuiButton-textPrimary MuiButton-sizeMedium MuiButton-textSizeMedium MuiButton-colorPrimary css-lnkyqh-MuiButtonBase-root-MuiButton-root"
        data-testid="chat-back-button"
        tabindex="0"
        type="button"
      >
        <span
          class="MuiButton-icon MuiButton-startIcon MuiButton-iconSizeMedium css-1sh91j5-MuiButton-startIcon"
        >
          <svg
            aria-hidden="true"
            class="MuiSvgIcon-root MuiSvgIcon-fontSizeMedium css-fnq9fx-MuiSvgIcon-root"
            data-testid="ArrowBackIcon"
            focusable="false"
            viewBox="0 0 24 24"
          >
            <path
              d="M20 11H7.83l5.59-5.59L12 4l-8 8 8 8 1.41-1.41L7.83 13H20z"
            />
          </svg>
        </span>
        Back to Dashboard
      </button>
    </div>
    <div
      class="MuiBox-root css-1elaak3"
    >
      <div
        class="MuiBox-root css-1rr4qq7"
      >
        <div
          data-testid="chat-progress-bar-container-2a76494f-351d-409d-ba58-e1b2cfaf2a53"
        >
          COLLECT_EXPERIENCES
           -
          50
          %
        </div>
      </div>
      <div
        class="MuiBox-root css-6su6fj"
      >
        <div
          data-testid="chat-header-container-7413b63a-887b-4f41-b930-89e9770db12b"
        />
      </div>
    </div>
  </div>
  <div
    class="MuiBox-root css-pkmnlt"
  >
    <div
      data-testid="chat-list-container-0397ee51-f637-4453-9e2f-5cc8900c9554"
    />
  </div>
  <div
    class="MuiBox-root css-msw3ti"
  >
    <div
      data-testid="chat-message-field-container-2a76494f-351d-409d-ba58-e1b2cfaf2a53"
    />
  </div>
</div>
`;
